[balkon.kwst.net/site/light/index4.html]
[backblue.gif]
[fade.gif]
[index.html]
[balkon.kwst.net/site/light/css/plugins.css]
[balkon.kwst.net/site/light/css/style.css]
[balkon.kwst.net/site/light/images/favicon.ico]
[balkon.kwst.net/site/light/index.html]
[balkon.kwst.net/site/light/images/logo.png]
[balkon.kwst.net/site/light/images/share.png]
[balkon.kwst.net/site/light/index2.html]
[balkon.kwst.net/site/light/index3.html]
[balkon.kwst.net/site/light/index5.html]
[balkon.kwst.net/site/light/index6.html]
[balkon.kwst.net/site/light/onepage-slider.html]
[balkon.kwst.net/site/light/onepage-image.html]
[balkon.kwst.net/site/light/onepage-video.html]
[balkon.kwst.net/site/light/onepage-slideshow.html]
[balkon.kwst.net/site/light/onepage-carousel.html]
[balkon.kwst.net/site/light/onepage-sidebarmenu.html]
[balkon.kwst.net/site/light/portfolio.html]
[balkon.kwst.net/site/light/portfolio-single.html]
[balkon.kwst.net/site/light/portfolio-single2.html]
[balkon.kwst.net/site/light/portfolio-single3.html]
[balkon.kwst.net/site/light/portfolio-single4.html]
[balkon.kwst.net/site/light/portfolio-single5.html]
[balkon.kwst.net/site/light/portfolio-single6.html]
[balkon.kwst.net/site/light/portfolio2.html]
[balkon.kwst.net/site/light/portfolio3.html]
[balkon.kwst.net/site/light/portfolio4.html]
[balkon.kwst.net/site/light/portfolio5.html]
[balkon.kwst.net/site/light/portfolio6.html]
[balkon.kwst.net/site/light/portfolio7.html]
[balkon.kwst.net/site/light/portfolio8.html]
[balkon.kwst.net/site/light/portfolio9.html]
[balkon.kwst.net/site/light/about.html]
[balkon.kwst.net/site/light/about-personal.html]
[balkon.kwst.net/site/light/services.html]
[balkon.kwst.net/site/light/contact.html]
[balkon.kwst.net/site/light/shop.html]
[balkon.kwst.net/site/light/cart.html]
[balkon.kwst.net/site/light/product-single.html]
[balkon.kwst.net/site/light/blog.html]
[balkon.kwst.net/site/light/blog-grid.html]
[balkon.kwst.net/site/light/blog-masonry.html]
[balkon.kwst.net/site/light/blog-single.html]
[balkon.kwst.net/site/light/404.html]
[balkon.kwst.net/site/light/images/folio/6.jpg]
[balkon.kwst.net/site/light/images/bg/14.jpg]
[balkon.kwst.net/site/light/images/bg/4.jpg]
[balkon.kwst.net/site/light/images/folio/2.jpg]
[balkon.kwst.net/site/light/images/folio/11.jpg]
[balkon.kwst.net/site/light/images/folio/16.jpg]
[balkon.kwst.net/site/light/images/folio/19.jpg]
[balkon.kwst.net/site/light/images/clients/1.jpg]
[balkon.kwst.net/site/light/images/clients/2.jpg]
[balkon.kwst.net/site/light/images/clients/3.jpg]
[balkon.kwst.net/site/light/images/clients/4.jpg]
[balkon.kwst.net/site/light/images/clients/5.jpg]
[balkon.kwst.net/site/light/js/jquery.min.js]
[balkon.kwst.net/site/light/js/scripts.js]
[balkon.kwst.net/site/light/index4.html]
[balkon.kwst.net/site/light/css/reset.css]
[balkon.kwst.net/site/light/fonts/fontawesome-webfont3e6e.eot]
[balkon.kwst.net/site/light/fonts/fontawesome-webfontd41d.eot]
[balkon.kwst.net/site/light/js/plugins.js]
[balkon.kwst.net/site/light/fonts/fontawesome-webfont3e6e.woff2]
[balkon.kwst.net/site/light/fonts/fontawesome-webfont3e6e.woff]
[balkon.kwst.net/site/light/fonts/fontawesome-webfont3e6e.ttf]
[balkon.kwst.net/site/light/fonts/lgd641.eot]
[balkon.kwst.net/site/light/fonts/lgd41d.eot]
[balkon.kwst.net/site/light/fonts/lgd641.woff]
[balkon.kwst.net/site/light/fonts/lgd641.ttf]
[balkon.kwst.net/site/light/fonts/fontawesome-webfont3e6e.svg]
[balkon.kwst.net/site/light/fonts/lgd641.svg]
[balkon.kwst.net/site/light/css/plugins.css]
[balkon.kwst.net/site/light/images/serch-bg.png]
[balkon.kwst.net/site/light/css/style.css]
[balkon.kwst.net/site/light/css/yourstyle.css]
[balkon.kwst.net/site/light/images/bg/1.jpg]
[balkon.kwst.net/site/light/images/bg/2.jpg]
[balkon.kwst.net/site/light/images/bg/23.jpg]
[balkon.kwst.net/site/light/index.html]
[balkon.kwst.net/site/light/index2.html]
[balkon.kwst.net/site/light/video/intro.mp4]
[balkon.kwst.net/site/light/index3.html]
[balkon.kwst.net/site/light/images/bg/25.jpg]
[balkon.kwst.net/site/light/images/bg/9.jpg]
[balkon.kwst.net/site/light/images/bg/21.jpg]
[balkon.kwst.net/site/light/index5.html]
[balkon.kwst.net/site/light/index6.html]
[balkon.kwst.net/site/light/images/team/1.jpg]
[balkon.kwst.net/site/light/images/team/2.jpg]
[balkon.kwst.net/site/light/images/team/3.jpg]
[balkon.kwst.net/site/light/images/team/4.jpg]
[balkon.kwst.net/site/light/images/folio/1.jpg]
[balkon.kwst.net/site/light/images/folio/4.jpg]
[balkon.kwst.net/site/light/images/folio/5.jpg]
[balkon.kwst.net/site/light/images/folio/7.jpg]
[balkon.kwst.net/site/light/images/folio/8.jpg]
[balkon.kwst.net/site/light/images/folio/9.jpg]
[balkon.kwst.net/site/light/images/folio/10.jpg]
[balkon.kwst.net/site/light/images/folio/12.jpg]
[balkon.kwst.net/site/light/images/folio/13.jpg]
[balkon.kwst.net/site/light/images/folio/14.jpg]
[balkon.kwst.net/site/light/images/folio/21.jpg]
[balkon.kwst.net/site/light/images/folio/15.jpg]
[balkon.kwst.net/site/light/images/folio/17.jpg]
[balkon.kwst.net/site/light/images/folio/18.jpg]
[balkon.kwst.net/site/light/images/folio/20.jpg]
[balkon.kwst.net/site/light/js/map.js]
[balkon.kwst.net/site/light/onepage-slider.html]
[balkon.kwst.net/site/light/onepage-image.html]
[balkon.kwst.net/site/light/onepage-video.html]
[balkon.kwst.net/site/light/onepage-slideshow.html]
[balkon.kwst.net/site/light/onepage-carousel.html]
[balkon.kwst.net/site/light/onepage-sidebarmenu.html]
[balkon.kwst.net/site/light/portfolio.html]
[balkon.kwst.net/site/light/images/folio/3.jpg]
[balkon.kwst.net/site/light/portfolio-single.html]
[balkon.kwst.net/site/light/portfolio-single2.html]
[balkon.kwst.net/site/light/images/bg/24.jpg]
[balkon.kwst.net/site/light/images/bg/22.jpg]
[balkon.kwst.net/site/light/portfolio-single3.html]
[balkon.kwst.net/site/light/portfolio-single4.html]
[balkon.kwst.net/site/light/portfolio-single5.html]
[balkon.kwst.net/site/light/portfolio-single6.html]
[balkon.kwst.net/site/light/portfolio2.html]
[balkon.kwst.net/site/light/portfolio3.html]
[balkon.kwst.net/site/light/portfolio4.html]
[balkon.kwst.net/site/light/portfolio5.html]
[balkon.kwst.net/site/light/portfolio6.html]
[balkon.kwst.net/site/light/portfolio7.html]
[balkon.kwst.net/site/light/portfolio8.html]
[balkon.kwst.net/site/light/portfolio9.html]
[balkon.kwst.net/site/light/images/bg/3.jpg]
[balkon.kwst.net/site/light/images/bg/15.jpg]
[balkon.kwst.net/site/light/about.html]
[balkon.kwst.net/site/light/images/team/6.jpg]
[balkon.kwst.net/site/light/about-personal.html]
[balkon.kwst.net/site/light/services.html]
[balkon.kwst.net/site/light/contact.html]
[balkon.kwst.net/site/light/css/shop.css]
[balkon.kwst.net/site/light/images/shop/1.jpg]
[balkon.kwst.net/site/light/images/shop/2.jpg]
[balkon.kwst.net/site/light/images/shop/3.jpg]
[balkon.kwst.net/site/light/images/shop/4.jpg]
[balkon.kwst.net/site/light/images/shop/5.jpg]
[balkon.kwst.net/site/light/images/shop/6.jpg]
[balkon.kwst.net/site/light/images/shop/7.jpg]
[balkon.kwst.net/site/light/images/shop/8.jpg]
[balkon.kwst.net/site/light/shop.html]
[balkon.kwst.net/site/light/cart.html]
[balkon.kwst.net/site/light/images/blog/users/1.jpg]
[balkon.kwst.net/site/light/images/blog/users/2.jpg]
[balkon.kwst.net/site/light/product-single.html]
[balkon.kwst.net/site/light/images/instagram/1.jpg]
[balkon.kwst.net/site/light/images/instagram/2.jpg]
[balkon.kwst.net/site/light/images/instagram/3.jpg]
[balkon.kwst.net/site/light/images/instagram/4.jpg]
[balkon.kwst.net/site/light/images/instagram/5.jpg]
[balkon.kwst.net/site/light/images/instagram/6.jpg]
[balkon.kwst.net/site/light/blog.html]
[balkon.kwst.net/site/light/blog-grid.html]
[balkon.kwst.net/site/light/blog-masonry.html]
[balkon.kwst.net/site/light/images/blog/1.jpg]
[balkon.kwst.net/site/light/blog-single.html]
[balkon.kwst.net/site/light/404.html]
[balkon.kwst.net/site/light/fonts/fontawesome-webfont3e6e.svg]
[balkon.kwst.net/site/light/fonts/lgd641.svg]
[balkon.kwst.net/site/light/img/vimeo-play.html]
[balkon.kwst.net/site/light/img/video-play.html]
[balkon.kwst.net/site/light/img/youtube-play.html]
[balkon.kwst.net/site/light/images/loading.html]
[balkon.kwst.net/site/light/sec4.html]
[balkon.kwst.net/site/light/css/shop.css]
[balkon.kwst.net/site/light/video/intro.mp4]
