[prague.foxthemes.me/minimal-slider/index.html]
[backblue.gif]
[fade.gif]
[index.html]
[prague.foxthemes.me/wp-content/plugins/formidable/css/formidableforms9050.css]
[prague.foxthemes.me/wp-includes/css/dist/block-library/style.min080f.css]
[prague.foxthemes.me/wp-content/plugins/woocommerce/packages/woocommerce-blocks/build/vendors-style324d.css]
[prague.foxthemes.me/wp-content/plugins/woocommerce/packages/woocommerce-blocks/build/style324d.css]
[prague.foxthemes.me/wp-content/plugins/revslider/public/assets/css/settings23da.css]
[prague.foxthemes.me/wp-content/plugins/woocommerce/assets/css/woocommerce-layouta94e.css]
[prague.foxthemes.me/wp-content/plugins/woocommerce/assets/css/woocommerce-smallscreena94e.css]
[prague.foxthemes.me/wp-content/plugins/woocommerce/assets/css/woocommercea94e.css]
[prague.foxthemes.me/wp-content/themes/prague/assets/css/swiper.min254d.css]
[prague.foxthemes.me/wp-content/themes/prague/assets/css/slick.min254d.css]
[prague.foxthemes.me/wp-content/themes/prague/assets/css/owlcarousel254d.css]
[prague.foxthemes.me/wp-content/themes/prague/assets/css/magnific-popup254d.css]
[prague.foxthemes.me/wp-content/themes/prague/style254d.css]
[prague.foxthemes.me/wp-content/themes/prague/assets/css/font-awesome.min254d.css]
[prague.foxthemes.me/wp-content/themes/prague/assets/css/ionicons.min254d.css]
[prague.foxthemes.me/wp-content/themes/prague/assets/css/et-line-font254d.css]
[prague.foxthemes.me/wp-content/themes/prague/assets/css/before-after.min254d.css]
[prague.foxthemes.me/wp-content/themes/prague/assets/css/bootstrap.min254d.css]
[prague.foxthemes.me/wp-content/themes/prague/assets/css/unit-test254d.css]
[prague.foxthemes.me/wp-content/themes/prague/assets/css/style.min254d.css]
[prague.foxthemes.me/wp-content/plugins/js_composer/assets/css/js_composer.mine23c.css]
[prague.foxthemes.me/wp-content/plugins/the-grid/frontend/assets/css/the-grid.min653d.css]
[prague.foxthemes.me/wp-includes/js/jquery/jquery.minaf6c.js]
[prague.foxthemes.me/wp-includes/js/jquery/jquery-migrate.mind617.js]
[prague.foxthemes.me/wp-content/plugins/revslider/public/assets/js/jquery.themepunch.tools.min23da.js]
[prague.foxthemes.me/wp-content/plugins/revslider/public/assets/js/jquery.themepunch.revolution.min23da.js]
[prague.foxthemes.me/wp-content/plugins/woocommerce/assets/js/jquery-blockui/jquery.blockUI.min44fd.js]
[prague.foxthemes.me/wp-content/plugins/woocommerce/assets/js/frontend/add-to-cart.mina94e.js]
[prague.foxthemes.me/wp-content/plugins/js_composer/assets/js/vendors/woocommerce-add-to-carte23c.js]
[prague.foxthemes.me/cdn-cgi/challenge-platform/h/b/scripts/invisible.js]
[prague.foxthemes.me/wp-content/uploads/2017/03/logo-dark.png]
[prague.foxthemes.me/wp-content/uploads/2017/02/b03d4b46193843.584add9cde86f.jpg]
[prague.foxthemes.me/wp-content/uploads/2017/02/9e4a0546193843.584add9cdc23f.jpg]
[prague.foxthemes.me/wp-content/uploads/2017/02/2518c145492213.58asasd330774816c9.jpg]
[prague.foxthemes.me/wp-content/uploads/2017/02/08981346052073.58467b6d8a799.jpg]
[prague.foxthemes.me/wp-content/plugins/woocommerce/assets/js/js-cookie/js.cookie.min6b25.js]
[prague.foxthemes.me/wp-content/plugins/woocommerce/assets/js/frontend/woocommerce.mina94e.js]
[prague.foxthemes.me/wp-content/plugins/woocommerce/assets/js/frontend/cart-fragments.mina94e.js]
[prague.foxthemes.me/wp-content/themes/prague/assets/js/swiper.min254d.js]
[prague.foxthemes.me/wp-content/themes/prague/assets/js/file_picker254d.js]
[prague.foxthemes.me/wp-content/plugins/js_composer/assets/lib/bower/isotope/dist/isotope.pkgd.mine23c.js]
[prague.foxthemes.me/wp-content/themes/prague/assets/js/tweenMax.min254d.js]
[prague.foxthemes.me/wp-content/themes/prague/assets/js/vivus.min254d.js]
[prague.foxthemes.me/wp-content/themes/prague/assets/js/slick.min254d.js]
[prague.foxthemes.me/wp-content/themes/prague/assets/js/jquery.magnific-popup.min254d.js]
[prague.foxthemes.me/wp-content/themes/prague/assets/js/hammer.min254d.js]
[prague.foxthemes.me/wp-content/themes/prague/assets/js/foxlazy.min254d.js]
[prague.foxthemes.me/wp-content/themes/prague/assets/js/all254d.js]
[prague.foxthemes.me/wp-content/themes/prague/assets/js/kenburn254d.js]
[prague.foxthemes.me/wp-content/themes/prague/assets/js/jquery.multiscroll254d.js]
[prague.foxthemes.me/wp-content/themes/prague/assets/js/countTo254d.js]
[prague.foxthemes.me/wp-content/themes/prague/assets/js/skills254d.js]
[prague.foxthemes.me/wp-content/themes/prague/assets/js/parallax.min254d.js]
[prague.foxthemes.me/wp-content/themes/prague/assets/js/owlcarousel254d.js]
[prague.foxthemes.me/wp-content/themes/prague/assets/js/split-slider254d.js]
[prague.foxthemes.me/wp-content/themes/prague/assets/js/banner_slider254d.js]
[prague.foxthemes.me/wp-content/themes/prague/assets/js/wow.min254d.js]
[prague.foxthemes.me/wp-content/themes/prague/assets/js/before-after.min254d.js]
[prague.foxthemes.me/wp-includes/js/comment-reply.min080f.js]
[prague.foxthemes.me/wp-includes/js/jquery/ui/effect.min35d0.js]
[prague.foxthemes.me/wp-content/plugins/the-grid/frontend/assets/js/the-grid.min653d.js]
[prague.foxthemes.me/wp-includes/js/wp-embed.min080f.js]
[prague.foxthemes.me/wp-content/plugins/js_composer/assets/js/dist/js_composer_front.mine23c.js]
[prague.foxthemes.me/minimal-slider/index.html]
[prague.foxthemes.me/wp-content/plugins/formidable/images/ajax_loader.gif]
[prague.foxthemes.me/wp-content/plugins/formidable/css/formidableforms9050.css]
[prague.foxthemes.me/wp-includes/css/dist/block-library/style.min080f.css]
[prague.foxthemes.me/wp-content/plugins/woocommerce/packages/woocommerce-blocks/build/vendors-style324d.css]
[prague.foxthemes.me/wp-content/plugins/woocommerce/packages/woocommerce-blocks/build/style324d.css]
[prague.foxthemes.me/wp-content/plugins/revslider/public/assets/css/openhand.cur]
[prague.foxthemes.me/wp-content/plugins/revslider/public/assets/css/closedhand.cur]
[prague.foxthemes.me/wp-content/plugins/revslider/public/assets/assets/gridtile.png]
[prague.foxthemes.me/wp-content/plugins/revslider/public/assets/assets/gridtile_white.png]
[prague.foxthemes.me/wp-content/plugins/revslider/public/assets/assets/gridtile_3x3.png]
[prague.foxthemes.me/wp-content/plugins/revslider/public/assets/assets/gridtile_3x3_white.png]
[prague.foxthemes.me/wp-content/plugins/revslider/public/assets/assets/coloredbg.png]
[prague.foxthemes.me/wp-content/plugins/revslider/public/assets/assets/loader.gif]
[prague.foxthemes.me/wp-content/plugins/revslider/public/assets/css/settings23da.css]
[prague.foxthemes.me/wp-content/plugins/woocommerce/assets/css/woocommerce-layouta94e.css]
[prague.foxthemes.me/wp-content/plugins/woocommerce/assets/css/woocommerce-smallscreena94e.css]
[prague.foxthemes.me/wp-content/plugins/woocommerce/assets/css/woocommercea94e.css]
[prague.foxthemes.me/wp-content/themes/prague/assets/css/swiper.min254d.css]
[prague.foxthemes.me/wp-content/themes/prague/assets/css/slick.min254d.css]
[prague.foxthemes.me/wp-content/themes/prague/assets/css/owl.video.play.png]
[prague.foxthemes.me/wp-content/themes/prague/assets/css/owlcarousel254d.css]
[prague.foxthemes.me/wp-content/themes/prague/assets/css/magnific-popup254d.css]
[prague.foxthemes.me/wp-content/themes/prague/style254d.css]
[prague.foxthemes.me/wp-content/themes/prague/assets/css/font-awesome.min254d.css]
[prague.foxthemes.me/wp-content/themes/prague/assets/css/ionicons.min254d.css]
[prague.foxthemes.me/wp-content/themes/prague/assets/css/et-line-font254d.css]
[prague.foxthemes.me/wp-content/themes/prague/assets/css/before-after.min254d.css]
[prague.foxthemes.me/wp-content/themes/prague/assets/css/bootstrap.min254d.css]
[prague.foxthemes.me/wp-content/themes/prague/assets/css/unit-test254d.css]
[prague.foxthemes.me/wp-content/themes/prague/assets/img/cursor.png]
[prague.foxthemes.me/wp-content/themes/prague/assets/img/cursor-dark.png]
[prague.foxthemes.me/wp-content/themes/prague/assets/img/arrow-btn.png]
[prague.foxthemes.me/wp-content/themes/prague/assets/img/lines-simple.png]
[prague.foxthemes.me/wp-content/themes/prague/assets/img/lines-hover.png]
[prague.foxthemes.me/wp-content/themes/prague/assets/img/lines-active.png]
[prague.foxthemes.me/wp-content/themes/prague/assets/img/before-icon.png]
[prague.foxthemes.me/wp-content/themes/prague/assets/images/lines.png]
[prague.foxthemes.me/wp-content/themes/prague/assets/img/arrow-down.png]
[prague.foxthemes.me/wp-content/themes/prague/assets/img/left.png]
[prague.foxthemes.me/wp-content/themes/prague/assets/img/right.png]
[prague.foxthemes.me/wp-content/themes/prague/assets/css/style.min254d.css]
[prague.foxthemes.me/wp-content/plugins/js_composer/assets/vc/alert.png]
[prague.foxthemes.me/wp-content/plugins/js_composer/assets/vc/info.png]
[prague.foxthemes.me/wp-content/plugins/js_composer/assets/vc/tick.png]
[prague.foxthemes.me/wp-content/plugins/js_composer/assets/vc/exclamation.png]
[prague.foxthemes.me/wp-content/plugins/js_composer/assets/images/icons/address-book.png]
[prague.foxthemes.me/wp-content/plugins/js_composer/assets/images/icons/alarm-clock.png]
[prague.foxthemes.me/wp-content/plugins/js_composer/assets/images/icons/anchor.png]
[prague.foxthemes.me/wp-content/plugins/js_composer/assets/images/icons/application-image.png]
[prague.foxthemes.me/wp-content/plugins/js_composer/assets/images/icons/arrow.png]
[prague.foxthemes.me/wp-content/plugins/js_composer/assets/images/icons/asterisk.png]
[prague.foxthemes.me/wp-content/plugins/js_composer/assets/images/icons/auction-hammer.png]
[prague.foxthemes.me/wp-content/plugins/js_composer/assets/images/icons/balloon.png]
[prague.foxthemes.me/wp-content/plugins/js_composer/assets/images/icons/balloon-buzz.png]
[prague.foxthemes.me/wp-content/plugins/js_composer/assets/images/icons/balloon-facebook.png]
[prague.foxthemes.me/wp-content/plugins/js_composer/assets/images/icons/balloon-twitter.png]
[prague.foxthemes.me/wp-content/plugins/js_composer/assets/images/icons/battery-full.png]
[prague.foxthemes.me/wp-content/plugins/js_composer/assets/images/icons/binocular.png]
[prague.foxthemes.me/wp-content/plugins/js_composer/assets/images/icons/blue-document-excel.png]
[prague.foxthemes.me/wp-content/plugins/js_composer/assets/images/icons/blue-document-image.png]
[prague.foxthemes.me/wp-content/plugins/js_composer/assets/images/icons/blue-document-music.png]
[prague.foxthemes.me/wp-content/plugins/js_composer/assets/images/icons/blue-document-office.png]
[prague.foxthemes.me/wp-content/plugins/js_composer/assets/images/icons/blue-document-pdf.png]
[prague.foxthemes.me/wp-content/plugins/js_composer/assets/images/icons/blue-document-powerpoint.png]
[prague.foxthemes.me/wp-content/plugins/js_composer/assets/images/icons/blue-document-word.png]
[prague.foxthemes.me/wp-content/plugins/js_composer/assets/images/icons/bookmark.png]
[prague.foxthemes.me/wp-content/plugins/js_composer/assets/images/icons/camcorder.png]
[prague.foxthemes.me/wp-content/plugins/js_composer/assets/images/icons/camera.png]
[prague.foxthemes.me/wp-content/plugins/js_composer/assets/images/icons/chart.png]
[prague.foxthemes.me/wp-content/plugins/js_composer/assets/images/icons/chart-pie.png]
[prague.foxthemes.me/wp-content/plugins/js_composer/assets/images/icons/clock.png]
[prague.foxthemes.me/wp-content/plugins/js_composer/assets/images/icons/control.png]
[prague.foxthemes.me/wp-content/plugins/js_composer/assets/images/icons/fire.png]
[prague.foxthemes.me/wp-content/plugins/js_composer/assets/images/icons/heart.png]
[prague.foxthemes.me/wp-content/plugins/js_composer/assets/images/icons/mail.png]
[prague.foxthemes.me/wp-content/plugins/js_composer/assets/images/icons/plus-shield.png]
[prague.foxthemes.me/wp-content/plugins/js_composer/assets/images/icons/video.png]
[prague.foxthemes.me/wp-content/plugins/js_composer/assets/images/toggle_open.png]
[prague.foxthemes.me/wp-content/plugins/js_composer/assets/images/toggle_close.png]
[prague.foxthemes.me/wp-content/plugins/js_composer/assets/images/flickr.png]
[prague.foxthemes.me/wp-content/plugins/js_composer/assets/images/spinner.gif]
[prague.foxthemes.me/wp-content/plugins/js_composer/assets/vc/remove.png]
[prague.foxthemes.me/wp-content/plugins/js_composer/assets/css/js_composer.mine23c.css]
[prague.foxthemes.me/wp-content/plugins/the-grid/frontend/assets/css/the-grid.min653d.css]
[prague.foxthemes.me/wp-includes/js/jquery/jquery.minaf6c.js]
[prague.foxthemes.me/wp-includes/js/jquery/jquery-migrate.mind617.js]
[prague.foxthemes.me/minimal-slider/TweenLite.js]
[prague.foxthemes.me/TweenLite.js]
[prague.foxthemes.me/wp-content/plugins/revslider/public/assets/js/jquery.themepunch.tools.min23da.js]
[prague.foxthemes.me/minimal-slider/Version/index.html]
[prague.foxthemes.me/minimal-slider/themepunch.revolution.min.7f.delayed]
[prague.foxthemes.me/minimal-slider/jquery.themepunch.revolution.min.js]
[prague.foxthemes.me/minimal-slider/jquery.themepunch.revolution.js]
[prague.foxthemes.me/minimal-slider/images/transparent.png]
[prague.foxthemes.me/minimal-slider/assets/transparent.png]
[prague.foxthemes.me/wp-content/plugins/revslider/public/assets/js/jquery.themepunch.revolution.min23da.js]
[prague.foxthemes.me/wp-content/plugins/woocommerce/assets/js/jquery-blockui/jquery.blockUI.min44fd.js]
[prague.foxthemes.me/wp-content/plugins/woocommerce/assets/js/frontend/add-to-cart.mina94e.js]
[prague.foxthemes.me/wp-content/plugins/js_composer/assets/js/vendors/woocommerce-add-to-carte23c.js]
[prague.foxthemes.me/wp-content/plugins/woocommerce/assets/js/js-cookie/js.cookie.min6b25.js]
[prague.foxthemes.me/wp-content/plugins/woocommerce/assets/js/frontend/woocommerce.mina94e.js]
[prague.foxthemes.me/wp-content/plugins/woocommerce/assets/js/frontend/cart-fragments.mina94e.js]
[prague.foxthemes.me/wp-content/themes/prague/assets/js/swiper.min254d.js]
[prague.foxthemes.me/wp-content/themes/prague/assets/js/file_picker254d.js]
[prague.foxthemes.me/wp-content/plugins/js_composer/assets/lib/bower/isotope/dist/isotope.pkgd.mine23c.js]
[prague.foxthemes.me/wp-content/themes/prague/assets/js/tweenMax.min254d.js]
[prague.foxthemes.me/wp-content/themes/prague/assets/js/vivus.min254d.js]
[prague.foxthemes.me/wp-content/themes/prague/assets/js/slick.min254d.js]
[prague.foxthemes.me/wp-content/themes/prague/assets/js/jquery.magnific-popup.min254d.js]
[prague.foxthemes.me/wp-content/themes/prague/assets/js/hammer.min254d.js]
[prague.foxthemes.me/wp-content/themes/prague/assets/js/foxlazy.min254d.js]
[prague.foxthemes.me/wp-content/themes/prague/assets/js/all254d.js]
[prague.foxthemes.me/wp-content/themes/prague/assets/js/kenburn254d.js]
[prague.foxthemes.me/wp-content/themes/prague/assets/js/jquery.multiscroll254d.js]
[prague.foxthemes.me/wp-content/themes/prague/assets/js/countTo254d.js]
[prague.foxthemes.me/wp-content/themes/prague/assets/js/skills254d.js]
[prague.foxthemes.me/wp-content/themes/prague/assets/js/parallax.min254d.js]
[prague.foxthemes.me/wp-content/themes/prague/assets/js/owlcarousel254d.js]
[prague.foxthemes.me/wp-content/themes/prague/assets/js/split-slider254d.js]
[prague.foxthemes.me/wp-content/themes/prague/assets/js/banner_slider254d.js]
[prague.foxthemes.me/wp-content/themes/prague/assets/js/wow.min254d.js]
[prague.foxthemes.me/wp-content/themes/prague/assets/js/before-after.min254d.js]
[prague.foxthemes.me/wp-includes/js/comment-reply.min080f.js]
[prague.foxthemes.me/wp-includes/js/jquery/ui/effect.min35d0.js]
[prague.foxthemes.me/wp-content/plugins/the-grid/frontend/assets/js/the-grid.min653d.js]
[prague.foxthemes.me/wp-includes/js/wp-embed.min080f.js]
[prague.foxthemes.me/minimal-slider/Edge/index.html]
[prague.foxthemes.me/minimal-slider/Trident/index.html]
[apis.google.com/js/plusone.js]
[assets.pinterest.com/js/pinit.js]
[prague.foxthemes.me/wp-content/plugins/js_composer/assets/js/dist/js_composer_front.mine23c.js]
[prague.foxthemes.me/wp-content/themes/prague/assets/css/owl.video.play.html]
[prague.foxthemes.me/wp-content/themes/prague/assets/images/lines.html]
[prague.foxthemes.me/minimal-slider/TweenLite.html]
[prague.foxthemes.me/TweenLite.html]
[prague.foxthemes.me/minimal-slider/Version/index.html]
[prague.foxthemes.me/minimal-slider/themepunch.revolution.min.html]
[prague.foxthemes.me/minimal-slider/jquery.themepunch.revolution.min.html]
[prague.foxthemes.me/minimal-slider/jquery.themepunch.revolution.html]
[prague.foxthemes.me/minimal-slider/images/transparent.html]
[prague.foxthemes.me/minimal-slider/assets/transparent.html]
[prague.foxthemes.me/minimal-slider/Trident/index.html]
[prague.foxthemes.me/minimal-slider/Edge/index.html]
